Pálya betöltése sikeres.
Csõ létrehozva.
Pipe newPipe neighbors:desert,waterTank;isPickedUp:false;capacity:5;waterLevel:0;isDamaged:false;isSlippery:false;fixedTime:0;isSticky:false
WaterTank waterTank neighbors:newPipe;isPickedUp:false;waterLevel:10
A szerelõk pontszáma: 10.
A szabotõrök pontszáma: 0.
TickAll.
WaterTank waterTank neighbors:newPipe;isPickedUp:false;waterLevel:5
A szerelõk pontszáma: 5.
A szabotõrök pontszáma: 0.
