Pálya betöltése sikeres.
Rongálás sikeres.
Pipe pipe neighbors:waterSource,desert;isPickedUp:false;capacity:0;waterLevel:0;isDamaged:true;isSlippery:false;fixedTime:0;isSticky:false
Javítás sikeres.
A csõ nem lyukasztható ki ennyi ideig: 5.
Pipe pipe neighbors:waterSource,desert;isPickedUp:false;capacity:0;waterLevel:0;isDamaged:false;isSlippery:false;fixedTime:5;isSticky:false
